// Jest Snapshot v1, https://goo.gl/fbAQLP

exports[`<RichTextEditor /> renders snapshot 1`] = `
<DocumentFragment>
  <div
    class="RichTextEditor"
    id="some-id"
  >
    <div
      class="RichTextEditorMenuBar"
    >
      <button
        aria-label="Bold"
        class="Button IconButton btn btn-transparent btn-sm"
        type="button"
      >
        <svg
          aria-hidden="true"
          class="svg-inline--fa fa-bold fa-fw"
          data-icon="bold"
          data-prefix="far"
          focusable="false"
          role="img"
          viewBox="0 0 384 512"
          xmlns="http://www.w3.org/2000/svg"
        >
          <path
            d="M0 56C0 42.7 10.7 32 24 32H72 88 212c68.5 0 124 55.5 124 124c0 34.7-14.3 66.2-37.3 88.7C339.7 264.9 368 307.1 368 356c0 68.5-55.5 124-124 124H88 72 24c-13.3 0-24-10.7-24-24s10.7-24 24-24H48V256 80H24C10.7 80 0 69.3 0 56zM212 232c42 0 76-34 76-76s-34-76-76-76H96V232H212zM96 280V432H244c42 0 76-34 76-76s-34-76-76-76H212 96z"
            fill="currentColor"
          />
        </svg>
      </button>
      <button
        aria-label="Italic"
        class="Button IconButton btn btn-transparent btn-sm"
        type="button"
      >
        <svg
          aria-hidden="true"
          class="svg-inline--fa fa-italic fa-fw"
          data-icon="italic"
          data-prefix="far"
          focusable="false"
          role="img"
          viewBox="0 0 384 512"
          xmlns="http://www.w3.org/2000/svg"
        >
          <path
            d="M128 56c0-13.3 10.7-24 24-24H360c13.3 0 24 10.7 24 24s-10.7 24-24 24H291.3L144.7 432H232c13.3 0 24 10.7 24 24s-10.7 24-24 24H24c-13.3 0-24-10.7-24-24s10.7-24 24-24H92.7L239.3 80H152c-13.3 0-24-10.7-24-24z"
            fill="currentColor"
          />
        </svg>
      </button>
      <button
        aria-label="Link"
        class="Button IconButton btn btn-transparent btn-sm"
        type="button"
      >
        <svg
          aria-hidden="true"
          class="svg-inline--fa fa-link fa-fw"
          data-icon="link"
          data-prefix="far"
          focusable="false"
          role="img"
          viewBox="0 0 640 512"
          xmlns="http://www.w3.org/2000/svg"
        >
          <path
            d="M580.3 267.2c56.2-56.2 56.2-147.3 0-203.5C526.8 10.2 440.9 7.3 383.9 57.2l-6.1 5.4c-10 8.7-11 23.9-2.3 33.9s23.9 11 33.9 2.3l6.1-5.4c38-33.2 95.2-31.3 130.9 4.4c37.4 37.4 37.4 98.1 0 135.6L433.1 346.6c-37.4 37.4-98.2 37.4-135.6 0c-35.7-35.7-37.6-92.9-4.4-130.9l4.7-5.4c8.7-10 7.7-25.1-2.3-33.9s-25.1-7.7-33.9 2.3l-4.7 5.4c-49.8 57-46.9 142.9 6.6 196.4c56.2 56.2 147.3 56.2 203.5 0L580.3 267.2zM59.7 244.8C3.5 301 3.5 392.1 59.7 448.2c53.6 53.6 139.5 56.4 196.5 6.5l6.1-5.4c10-8.7 11-23.9 2.3-33.9s-23.9-11-33.9-2.3l-6.1 5.4c-38 33.2-95.2 31.3-130.9-4.4c-37.4-37.4-37.4-98.1 0-135.6L207 165.4c37.4-37.4 98.1-37.4 135.6 0c35.7 35.7 37.6 92.9 4.4 130.9l-5.4 6.1c-8.7 10-7.7 25.1 2.3 33.9s25.1 7.7 33.9-2.3l5.4-6.1c49.9-57 47-142.9-6.5-196.5c-56.2-56.2-147.3-56.2-203.5 0L59.7 244.8z"
            fill="currentColor"
          />
        </svg>
      </button>
      <button
        aria-disabled="true"
        aria-label="Unlink"
        class="Button IconButton btn btn-transparent btn-sm"
        disabled=""
        type="button"
      >
        <svg
          aria-hidden="true"
          class="svg-inline--fa fa-link-slash fa-fw"
          data-icon="link-slash"
          data-prefix="far"
          focusable="false"
          role="img"
          viewBox="0 0 640 512"
          xmlns="http://www.w3.org/2000/svg"
        >
          <path
            d="M38.8 5.1C28.4-3.1 13.3-1.2 5.1 9.2S-1.2 34.7 9.2 42.9l592 464c10.4 8.2 25.5 6.3 33.7-4.1s6.3-25.5-4.1-33.7L489.3 358.2l91-91c56.2-56.2 56.2-147.3 0-203.5C526.8 10.2 440.9 7.3 383.9 57.2l-6.1 5.4c-10 8.7-11 23.9-2.3 33.9s23.9 11 33.9 2.3l6.1-5.4c38-33.2 95.2-31.3 130.9 4.4c37.4 37.4 37.4 98.1 0 135.6l-95.1 95.1-45.5-35.7c24.2-53.3 14.1-117.9-29.3-161.3c-52.1-52.1-134.4-55.9-190.8-11.2L38.8 5.1zm186.3 146c36.9-22.3 85.6-17.6 117.4 14.3c26 26 34 63.3 23.7 96.4L225.1 151.1zM352.6 373.8c-20.2-2.7-39.7-11.7-55.2-27.3c-9.8-9.8-17-21.2-21.7-33.3l-54.2-42.7c-2.2 39.6 11.9 79.9 41.9 109.9c38.8 38.8 94.2 50.8 143.4 36l-54.2-42.7zm-236-186L59.7 244.8C3.5 301 3.5 392.1 59.7 448.2c53.6 53.6 139.5 56.4 196.5 6.5l6.1-5.4c10-8.7 11-23.9 2.3-33.9s-23.9-11-33.9-2.3l-6.1 5.4c-38 33.2-95.2 31.3-130.9-4.4c-37.4-37.4-37.4-98.1 0-135.6l60.9-60.9-38-29.9z"
            fill="currentColor"
          />
        </svg>
      </button>
      <button
        aria-label="Unordered List"
        class="Button IconButton btn btn-transparent btn-sm"
        type="button"
      >
        <svg
          aria-hidden="true"
          class="svg-inline--fa fa-list-ul fa-fw"
          data-icon="list-ul"
          data-prefix="far"
          focusable="false"
          role="img"
          viewBox="0 0 512 512"
          xmlns="http://www.w3.org/2000/svg"
        >
          <path
            d="M64 64a32 32 0 1 0 0 64 32 32 0 1 0 0-64zm120 8c-13.3 0-24 10.7-24 24s10.7 24 24 24H488c13.3 0 24-10.7 24-24s-10.7-24-24-24H184zm0 160c-13.3 0-24 10.7-24 24s10.7 24 24 24H488c13.3 0 24-10.7 24-24s-10.7-24-24-24H184zm0 160c-13.3 0-24 10.7-24 24s10.7 24 24 24H488c13.3 0 24-10.7 24-24s-10.7-24-24-24H184zM96 256a32 32 0 1 0 -64 0 32 32 0 1 0 64 0zM64 384a32 32 0 1 0 0 64 32 32 0 1 0 0-64z"
            fill="currentColor"
          />
        </svg>
      </button>
      <button
        aria-label="Ordered List"
        class="Button IconButton btn btn-transparent btn-sm"
        type="button"
      >
        <svg
          aria-hidden="true"
          class="svg-inline--fa fa-list-ol fa-fw"
          data-icon="list-ol"
          data-prefix="far"
          focusable="false"
          role="img"
          viewBox="0 0 512 512"
          xmlns="http://www.w3.org/2000/svg"
        >
          <path
            d="M24 56c0-13.3 10.7-24 24-24H80c13.3 0 24 10.7 24 24V176h16c13.3 0 24 10.7 24 24s-10.7 24-24 24H40c-13.3 0-24-10.7-24-24s10.7-24 24-24H56V80H48C34.7 80 24 69.3 24 56zM86.7 341.2c-6.5-7.4-18.3-6.9-24 1.2L51.5 357.9c-7.7 10.8-22.7 13.3-33.5 5.6s-13.3-22.7-5.6-33.5l11.1-15.6c23.7-33.2 72.3-35.6 99.2-4.9c21.3 24.4 20.8 60.9-1.1 84.7L86.8 432H120c13.3 0 24 10.7 24 24s-10.7 24-24 24H32c-9.5 0-18.2-5.6-22-14.4s-2.1-18.9 4.3-25.9l72-78c5.3-5.8 5.4-14.6 .3-20.5zM216 72H488c13.3 0 24 10.7 24 24s-10.7 24-24 24H216c-13.3 0-24-10.7-24-24s10.7-24 24-24zm0 160H488c13.3 0 24 10.7 24 24s-10.7 24-24 24H216c-13.3 0-24-10.7-24-24s10.7-24 24-24zm0 160H488c13.3 0 24 10.7 24 24s-10.7 24-24 24H216c-13.3 0-24-10.7-24-24s10.7-24 24-24z"
            fill="currentColor"
          />
        </svg>
      </button>
    </div>
    <div
      class="RichTextEditor__field"
      role="textbox"
    >
      <div
        class="tiptap ProseMirror"
        contenteditable="true"
        tabindex="0"
        translate="no"
      >
        <p
          class="is-empty is-editor-empty"
        >
          <br
            class="ProseMirror-trailingBreak"
          />
        </p>
      </div>
    </div>
  </div>
</DocumentFragment>
`;
