// Jest Snapshot v1, https://goo.gl/fbAQLP

exports[`test withFlash it can create a new flash message 1`] = `
Array [
  <div
    className="alert alert-success"
  >
    <button
      className="close"
      onClick={[Function]}
      type="button"
    >
      Ã—
    </button>
    This is just a test...
  </div>,
  <div />,
]
`;
