// Jest Snapshot v1, https://goo.gl/fbAQLP

exports[`test withToast it can create a new Toast message 1`] = `
Array [
  <div
    className="Alert Alert-success"
  >
    <div
      className="Alert__icon"
    >
      <span
        className="fa-layers fa-fw"
      >
        <svg
          aria-hidden="true"
          className="svg-inline--fa fa-circle fa-w-16 "
          data-icon="circle"
          data-prefix="fas"
          focusable="false"
          role="img"
          style={
            Object {
              "transformOrigin": "0.5em 0.5em",
            }
          }
          viewBox="0 0 512 512"
          xmlns="http://www.w3.org/2000/svg"
        >
          <g
            style={Object {}}
            transform="translate(256 256)"
          >
            <g
              style={Object {}}
              transform="translate(0, 0)  scale(1.5, 1.5)  rotate(0 0 0)"
            >
              <path
                d="M256 8C119 8 8 119 8 256s111 248 248 248 248-111 248-248S393 8 256 8z"
                fill="currentColor"
                style={Object {}}
                transform="translate(-256 -256)"
              />
            </g>
          </g>
        </svg>
        <svg
          aria-hidden="true"
          className="svg-inline--fa fa-check fa-w-16 "
          data-icon="check"
          data-prefix="fas"
          focusable="false"
          role="img"
          style={
            Object {
              "transformOrigin": "0.5em 0.5em",
            }
          }
          viewBox="0 0 512 512"
          xmlns="http://www.w3.org/2000/svg"
        >
          <g
            style={Object {}}
            transform="translate(256 256)"
          >
            <g
              style={Object {}}
              transform="translate(0, 0)  scale(0.75, 0.75)  rotate(0 0 0)"
            >
              <path
                d="M173.898 439.404l-166.4-166.4c-9.997-9.997-9.997-26.206 0-36.204l36.203-36.204c9.997-9.998 26.207-9.998 36.204 0L192 312.69 432.095 72.596c9.997-9.997 26.207-9.997 36.204 0l36.203 36.204c9.997 9.997 9.997 26.206 0 36.204l-294.4 294.401c-9.998 9.997-26.207 9.997-36.204-.001z"
                fill="currentColor"
                style={Object {}}
                transform="translate(-256 -256)"
              />
            </g>
          </g>
        </svg>
      </span>
    </div>
    <div
      className="Alert__content"
    >
      This is just a test...
    </div>
    <div
      className="Alert__close"
    >
      <button
        aria-label="close"
        className="close"
        onClick={[Function]}
        type="button"
      >
        <svg
          aria-hidden="true"
          className="svg-inline--fa fa-times fa-w-11 "
          data-icon="times"
          data-prefix="fas"
          focusable="false"
          role="img"
          style={Object {}}
          viewBox="0 0 352 512"
          xmlns="http://www.w3.org/2000/svg"
        >
          <path
            d="M242.72 256l100.07-100.07c12.28-12.28 12.28-32.19 0-44.48l-22.24-22.24c-12.28-12.28-32.19-12.28-44.48 0L176 189.28 75.93 89.21c-12.28-12.28-32.19-12.28-44.48 0L9.21 111.45c-12.28 12.28-12.28 32.19 0 44.48L109.28 256 9.21 356.07c-12.28 12.28-12.28 32.19 0 44.48l22.24 22.24c12.28 12.28 32.2 12.28 44.48 0L176 322.72l100.07 100.07c12.28 12.28 32.2 12.28 44.48 0l22.24-22.24c12.28-12.28 12.28-32.19 0-44.48L242.72 256z"
            fill="currentColor"
            style={Object {}}
          />
        </svg>
      </button>
    </div>
  </div>,
  <div />,
]
`;
